------------------------------------------------------------
TimeQuest Timing Analyzer Summary
------------------------------------------------------------

Type  : Slow Model Setup 'inst17|video_PLL_inst|altpll_component|pll|clk[0]'
Slack : -11.199
TNS   : -11.199

Type  : Slow Model Setup 'clk_div:inst2|clock_1Hz'
Slack : -1.651
TNS   : -10.447

Type  : Slow Model Setup 'clk_div:inst2|clock_100hz_int'
Slack : -0.070
TNS   : -0.147

Type  : Slow Model Setup 'clk_div:inst2|clock_10Khz_int'
Slack : -0.070
TNS   : -0.147

Type  : Slow Model Setup 'clk_div:inst2|clock_1Khz_int'
Slack : -0.070
TNS   : -0.107

Type  : Slow Model Setup 'clk_div:inst2|clock_100Khz_int'
Slack : -0.069
TNS   : -0.145

Type  : Slow Model Setup 'clk_div:inst2|clock_10Hz_int'
Slack : -0.069
TNS   : -0.145

Type  : Slow Model Setup 'clk_div:inst2|clock_1Mhz_int'
Slack : -0.069
TNS   : -0.145

Type  : Slow Model Setup 'clock_50'
Slack : 0.322
TNS   : 0.000

Type  : Slow Model Hold 'clk_div:inst2|clock_10Khz_int'
Slack : -2.405
TNS   : -2.405

Type  : Slow Model Hold 'clk_div:inst2|clock_100hz_int'
Slack : -2.185
TNS   : -2.185

Type  : Slow Model Hold 'clk_div:inst2|clock_1Khz_int'
Slack : -2.167
TNS   : -2.167

Type  : Slow Model Hold 'clk_div:inst2|clock_1Mhz_int'
Slack : -2.156
TNS   : -2.156

Type  : Slow Model Hold 'clk_div:inst2|clock_100Khz_int'
Slack : -2.074
TNS   : -2.074

Type  : Slow Model Hold 'clk_div:inst2|clock_10Hz_int'
Slack : 0.391
TNS   : 0.000

Type  : Slow Model Hold 'clk_div:inst2|clock_1Hz'
Slack : 0.391
TNS   : 0.000

Type  : Slow Model Hold 'inst17|video_PLL_inst|altpll_component|pll|clk[0]'
Slack : 0.391
TNS   : 0.000

Type  : Slow Model Hold 'clock_50'
Slack : 0.448
TNS   : 0.000

Type  : Slow Model Minimum Pulse Width 'clk_div:inst2|clock_1Hz'
Slack : -0.500
TNS   : -8.000

Type  : Slow Model Minimum Pulse Width 'clk_div:inst2|clock_100Khz_int'
Slack : -0.500
TNS   : -4.000

Type  : Slow Model Minimum Pulse Width 'clk_div:inst2|clock_100hz_int'
Slack : -0.500
TNS   : -4.000

Type  : Slow Model Minimum Pulse Width 'clk_div:inst2|clock_10Hz_int'
Slack : -0.500
TNS   : -4.000

Type  : Slow Model Minimum Pulse Width 'clk_div:inst2|clock_10Khz_int'
Slack : -0.500
TNS   : -4.000

Type  : Slow Model Minimum Pulse Width 'clk_div:inst2|clock_1Khz_int'
Slack : -0.500
TNS   : -4.000

Type  : Slow Model Minimum Pulse Width 'clk_div:inst2|clock_1Mhz_int'
Slack : -0.500
TNS   : -4.000

Type  : Slow Model Minimum Pulse Width 'clock_50'
Slack : 9.000
TNS   : 0.000

Type  : Slow Model Minimum Pulse Width 'inst17|video_PLL_inst|altpll_component|pll|clk[0]'
Slack : 19.000
TNS   : 0.000

Type  : Fast Model Setup 'inst17|video_PLL_inst|altpll_component|pll|clk[0]'
Slack : -4.825
TNS   : -4.825

Type  : Fast Model Setup 'clk_div:inst2|clock_1Hz'
Slack : -0.268
TNS   : -1.241

Type  : Fast Model Setup 'clk_div:inst2|clock_1Khz_int'
Slack : 0.504
TNS   : 0.000

Type  : Fast Model Setup 'clk_div:inst2|clock_10Khz_int'
Slack : 0.505
TNS   : 0.000

Type  : Fast Model Setup 'clk_div:inst2|clock_100hz_int'
Slack : 0.507
TNS   : 0.000

Type  : Fast Model Setup 'clk_div:inst2|clock_100Khz_int'
Slack : 0.508
TNS   : 0.000

Type  : Fast Model Setup 'clk_div:inst2|clock_10Hz_int'
Slack : 0.508
TNS   : 0.000

Type  : Fast Model Setup 'clk_div:inst2|clock_1Mhz_int'
Slack : 0.508
TNS   : 0.000

Type  : Fast Model Setup 'clock_50'
Slack : 0.736
TNS   : 0.000

Type  : Fast Model Hold 'clk_div:inst2|clock_10Khz_int'
Slack : -1.440
TNS   : -1.440

Type  : Fast Model Hold 'clk_div:inst2|clock_100hz_int'
Slack : -1.342
TNS   : -1.342

Type  : Fast Model Hold 'clk_div:inst2|clock_1Khz_int'
Slack : -1.331
TNS   : -1.331

Type  : Fast Model Hold 'clk_div:inst2|clock_1Mhz_int'
Slack : -1.321
TNS   : -1.321

Type  : Fast Model Hold 'clk_div:inst2|clock_100Khz_int'
Slack : -1.312
TNS   : -1.312

Type  : Fast Model Hold 'clock_50'
Slack : 0.144
TNS   : 0.000

Type  : Fast Model Hold 'clk_div:inst2|clock_10Hz_int'
Slack : 0.215
TNS   : 0.000

Type  : Fast Model Hold 'clk_div:inst2|clock_1Hz'
Slack : 0.215
TNS   : 0.000

Type  : Fast Model Hold 'inst17|video_PLL_inst|altpll_component|pll|clk[0]'
Slack : 0.215
TNS   : 0.000

Type  : Fast Model Minimum Pulse Width 'clk_div:inst2|clock_1Hz'
Slack : -0.500
TNS   : -8.000

Type  : Fast Model Minimum Pulse Width 'clk_div:inst2|clock_100Khz_int'
Slack : -0.500
TNS   : -4.000

Type  : Fast Model Minimum Pulse Width 'clk_div:inst2|clock_100hz_int'
Slack : -0.500
TNS   : -4.000

Type  : Fast Model Minimum Pulse Width 'clk_div:inst2|clock_10Hz_int'
Slack : -0.500
TNS   : -4.000

Type  : Fast Model Minimum Pulse Width 'clk_div:inst2|clock_10Khz_int'
Slack : -0.500
TNS   : -4.000

Type  : Fast Model Minimum Pulse Width 'clk_div:inst2|clock_1Khz_int'
Slack : -0.500
TNS   : -4.000

Type  : Fast Model Minimum Pulse Width 'clk_div:inst2|clock_1Mhz_int'
Slack : -0.500
TNS   : -4.000

Type  : Fast Model Minimum Pulse Width 'clock_50'
Slack : 9.000
TNS   : 0.000

Type  : Fast Model Minimum Pulse Width 'inst17|video_PLL_inst|altpll_component|pll|clk[0]'
Slack : 19.000
TNS   : 0.000

------------------------------------------------------------
